// Jest Snapshot v1, https://goo.gl/fbAQLP

exports[`TopicDetailsPage renders correctly 1`] = `
<TopicDetailsPageWrapper
  PageContent={[Function]}
  landingPageContent={
    Object {
      "metaDescription": "",
      "metaTitle": "",
      "routeContext": "events",
      "slice": Array [],
    }
  }
  metaProps={Object {}}
  withPageHead={true}
/>
`;
