// Jest Snapshot v1, https://goo.gl/fbAQLP

exports[`EventDetailsPage renders correctly 1`] = `
<EventsDetailsPageWrapper
  PageContent={
    Object {
      "$$typeof": Symbol(react.memo),
      "compare": null,
      "type": [Function],
    }
  }
  landingPageContent={
    Object {
      "metaDescription": "",
      "metaTitle": "",
      "routeContext": "events",
      "slice": Array [],
    }
  }
  metaProps={Object {}}
  overridePlaylistClickEvent={false}
  withPageHead={true}
/>
`;
